mode: set
example/task_manager/Delivery/controllers/controller.go:14.96,19.2 1 1
example/task_manager/Delivery/controllers/controller.go:21.50,23.16 2 1
example/task_manager/Delivery/controllers/controller.go:23.16,26.3 2 1
example/task_manager/Delivery/controllers/controller.go:27.2,27.30 1 1
example/task_manager/Delivery/controllers/controller.go:30.53,33.16 3 1
example/task_manager/Delivery/controllers/controller.go:33.16,36.3 2 1
example/task_manager/Delivery/controllers/controller.go:37.2,37.29 1 1
example/task_manager/Delivery/controllers/controller.go:40.52,42.48 2 1
example/task_manager/Delivery/controllers/controller.go:42.48,45.3 2 1
example/task_manager/Delivery/controllers/controller.go:46.2,47.16 2 1
example/task_manager/Delivery/controllers/controller.go:47.16,50.3 2 1
example/task_manager/Delivery/controllers/controller.go:51.2,51.41 1 1
example/task_manager/Delivery/controllers/controller.go:54.52,57.48 3 1
example/task_manager/Delivery/controllers/controller.go:57.48,60.3 2 1
example/task_manager/Delivery/controllers/controller.go:61.2,62.16 2 1
example/task_manager/Delivery/controllers/controller.go:62.16,65.3 2 1
example/task_manager/Delivery/controllers/controller.go:66.2,66.70 1 1
example/task_manager/Delivery/controllers/controller.go:69.52,72.16 3 1
example/task_manager/Delivery/controllers/controller.go:72.16,75.3 2 1
example/task_manager/Delivery/controllers/controller.go:76.2,76.70 1 1
example/task_manager/Delivery/controllers/controller.go:79.50,84.47 2 1
example/task_manager/Delivery/controllers/controller.go:84.47,87.3 2 1
example/task_manager/Delivery/controllers/controller.go:88.2,89.16 2 1
example/task_manager/Delivery/controllers/controller.go:89.16,92.3 2 1
example/task_manager/Delivery/controllers/controller.go:93.2,93.75 1 1
example/task_manager/Delivery/controllers/controller.go:96.47,101.47 2 1
example/task_manager/Delivery/controllers/controller.go:101.47,104.3 2 1
example/task_manager/Delivery/controllers/controller.go:105.2,106.16 2 1
example/task_manager/Delivery/controllers/controller.go:106.16,109.3 2 1
example/task_manager/Delivery/controllers/controller.go:110.2,110.46 1 1
example/task_manager/Delivery/controllers/controller.go:113.53,117.47 2 1
example/task_manager/Delivery/controllers/controller.go:117.47,120.3 2 1
example/task_manager/Delivery/controllers/controller.go:121.2,122.16 2 1
example/task_manager/Delivery/controllers/controller.go:122.16,125.3 2 1
example/task_manager/Delivery/controllers/controller.go:126.2,126.71 1 1
example/task_manager/Infrastructure/auth_middleware.go:9.39,10.30 1 0
example/task_manager/Infrastructure/auth_middleware.go:10.30,12.23 2 0
example/task_manager/Infrastructure/auth_middleware.go:12.23,16.4 3 0
example/task_manager/Infrastructure/auth_middleware.go:18.3,20.17 3 0
example/task_manager/Infrastructure/auth_middleware.go:20.17,24.4 3 0
example/task_manager/Infrastructure/auth_middleware.go:26.3,28.11 3 0
example/task_manager/Infrastructure/auth_middleware.go:32.40,33.30 1 0
example/task_manager/Infrastructure/auth_middleware.go:33.30,35.33 2 0
example/task_manager/Infrastructure/auth_middleware.go:35.33,39.4 3 0
example/task_manager/Infrastructure/auth_middleware.go:40.3,40.11 1 0
example/task_manager/Infrastructure/jwt_service.go:16.65,27.2 4 1
example/task_manager/Infrastructure/jwt_service.go:29.52,31.98 2 0
example/task_manager/Infrastructure/jwt_service.go:31.98,33.3 1 0
example/task_manager/Infrastructure/jwt_service.go:34.2,34.32 1 0
example/task_manager/Infrastructure/jwt_service.go:34.32,36.3 1 0
example/task_manager/Infrastructure/jwt_service.go:37.2,37.20 1 0
example/task_manager/Infrastructure/password_service.go:8.52,9.20 1 1
example/task_manager/Infrastructure/password_service.go:9.20,11.3 1 0
example/task_manager/Infrastructure/password_service.go:12.2,13.27 2 1
example/task_manager/Infrastructure/password_service.go:16.52,19.2 2 1
example/task_manager/Usecases/task_usecases.go:11.72,13.2 1 1
example/task_manager/Usecases/task_usecases.go:15.64,17.2 1 1
example/task_manager/Usecases/task_usecases.go:19.72,21.2 1 1
example/task_manager/Usecases/task_usecases.go:23.78,25.2 1 1
example/task_manager/Usecases/task_usecases.go:27.73,29.2 1 1
example/task_manager/Usecases/task_usecases.go:31.55,33.2 1 1
example/task_manager/Usecases/user_usecases.go:13.72,15.2 1 1
example/task_manager/Usecases/user_usecases.go:17.85,19.16 2 1
example/task_manager/Usecases/user_usecases.go:19.16,21.3 1 1
example/task_manager/Usecases/user_usecases.go:23.2,24.16 2 1
example/task_manager/Usecases/user_usecases.go:24.16,26.3 1 0
example/task_manager/Usecases/user_usecases.go:29.2,36.32 3 1
example/task_manager/Usecases/user_usecases.go:39.76,41.16 2 1
example/task_manager/Usecases/user_usecases.go:41.16,43.3 1 1
example/task_manager/Usecases/user_usecases.go:45.2,45.64 1 1
example/task_manager/Usecases/user_usecases.go:45.64,47.3 1 1
example/task_manager/Usecases/user_usecases.go:49.2,49.64 1 1
example/task_manager/Usecases/user_usecases.go:52.62,54.2 1 1
example/task_manager/Delivery/controllers/controller.go:14.96,19.2 1 1
example/task_manager/Delivery/controllers/controller.go:21.50,23.16 2 1
example/task_manager/Delivery/controllers/controller.go:23.16,26.3 2 0
example/task_manager/Delivery/controllers/controller.go:27.2,27.30 1 1
example/task_manager/Delivery/controllers/controller.go:30.53,33.16 3 1
example/task_manager/Delivery/controllers/controller.go:33.16,36.3 2 0
example/task_manager/Delivery/controllers/controller.go:37.2,37.29 1 1
example/task_manager/Delivery/controllers/controller.go:40.52,42.48 2 1
example/task_manager/Delivery/controllers/controller.go:42.48,45.3 2 0
example/task_manager/Delivery/controllers/controller.go:46.2,47.16 2 1
example/task_manager/Delivery/controllers/controller.go:47.16,50.3 2 0
example/task_manager/Delivery/controllers/controller.go:51.2,51.41 1 1
example/task_manager/Delivery/controllers/controller.go:54.52,57.48 3 1
example/task_manager/Delivery/controllers/controller.go:57.48,60.3 2 0
example/task_manager/Delivery/controllers/controller.go:61.2,62.16 2 1
example/task_manager/Delivery/controllers/controller.go:62.16,65.3 2 0
example/task_manager/Delivery/controllers/controller.go:66.2,66.70 1 1
example/task_manager/Delivery/controllers/controller.go:69.52,72.16 3 1
example/task_manager/Delivery/controllers/controller.go:72.16,75.3 2 0
example/task_manager/Delivery/controllers/controller.go:76.2,76.70 1 1
example/task_manager/Delivery/controllers/controller.go:79.50,84.47 2 1
example/task_manager/Delivery/controllers/controller.go:84.47,87.3 2 0
example/task_manager/Delivery/controllers/controller.go:88.2,89.16 2 1
example/task_manager/Delivery/controllers/controller.go:89.16,92.3 2 0
example/task_manager/Delivery/controllers/controller.go:93.2,93.75 1 1
example/task_manager/Delivery/controllers/controller.go:96.47,101.47 2 1
example/task_manager/Delivery/controllers/controller.go:101.47,104.3 2 0
example/task_manager/Delivery/controllers/controller.go:105.2,106.16 2 1
example/task_manager/Delivery/controllers/controller.go:106.16,109.3 2 0
example/task_manager/Delivery/controllers/controller.go:110.2,110.46 1 1
example/task_manager/Delivery/controllers/controller.go:113.53,117.47 2 1
example/task_manager/Delivery/controllers/controller.go:117.47,120.3 2 0
example/task_manager/Delivery/controllers/controller.go:121.2,122.16 2 1
example/task_manager/Delivery/controllers/controller.go:122.16,125.3 2 0
example/task_manager/Delivery/controllers/controller.go:126.2,126.71 1 1
example/task_manager/Delivery/routers/router.go:9.66,14.2 3 1
example/task_manager/Delivery/routers/router.go:14.2,17.3 2 1
example/task_manager/Delivery/routers/router.go:20.2,22.2 3 1
example/task_manager/Delivery/routers/router.go:22.2,30.3 5 1
example/task_manager/Delivery/routers/router.go:30.3,35.4 4 1
example/task_manager/Delivery/routers/router.go:38.2,38.15 1 1
example/task_manager/Infrastructure/auth_middleware.go:9.39,10.30 1 1
example/task_manager/Infrastructure/auth_middleware.go:10.30,12.23 2 1
example/task_manager/Infrastructure/auth_middleware.go:12.23,16.4 3 1
example/task_manager/Infrastructure/auth_middleware.go:18.3,20.17 3 1
example/task_manager/Infrastructure/auth_middleware.go:20.17,24.4 3 0
example/task_manager/Infrastructure/auth_middleware.go:26.3,28.11 3 1
example/task_manager/Infrastructure/auth_middleware.go:32.40,33.30 1 1
example/task_manager/Infrastructure/auth_middleware.go:33.30,35.33 2 1
example/task_manager/Infrastructure/auth_middleware.go:35.33,39.4 3 1
example/task_manager/Infrastructure/auth_middleware.go:40.3,40.11 1 1
example/task_manager/Infrastructure/jwt_service.go:16.65,27.2 4 1
example/task_manager/Infrastructure/jwt_service.go:29.52,31.98 2 1
example/task_manager/Infrastructure/jwt_service.go:31.98,33.3 1 1
example/task_manager/Infrastructure/jwt_service.go:34.2,34.32 1 1
example/task_manager/Infrastructure/jwt_service.go:34.32,36.3 1 0
example/task_manager/Infrastructure/jwt_service.go:37.2,37.20 1 1
example/task_manager/Infrastructure/password_service.go:8.52,9.20 1 1
example/task_manager/Infrastructure/password_service.go:9.20,11.3 1 0
example/task_manager/Infrastructure/password_service.go:12.2,13.27 2 1
example/task_manager/Infrastructure/password_service.go:16.52,19.2 2 1
example/task_manager/Usecases/task_usecases.go:11.72,13.2 1 1
example/task_manager/Usecases/task_usecases.go:15.64,17.2 1 1
example/task_manager/Usecases/task_usecases.go:19.72,21.2 1 1
example/task_manager/Usecases/task_usecases.go:23.78,25.2 1 1
example/task_manager/Usecases/task_usecases.go:27.73,29.2 1 1
example/task_manager/Usecases/task_usecases.go:31.55,33.2 1 1
example/task_manager/Usecases/user_usecases.go:13.72,15.2 1 1
example/task_manager/Usecases/user_usecases.go:17.85,19.16 2 1
example/task_manager/Usecases/user_usecases.go:19.16,21.3 1 0
example/task_manager/Usecases/user_usecases.go:23.2,24.16 2 1
example/task_manager/Usecases/user_usecases.go:24.16,26.3 1 0
example/task_manager/Usecases/user_usecases.go:29.2,36.32 3 1
example/task_manager/Usecases/user_usecases.go:39.76,41.16 2 1
example/task_manager/Usecases/user_usecases.go:41.16,43.3 1 0
example/task_manager/Usecases/user_usecases.go:45.2,45.64 1 1
example/task_manager/Usecases/user_usecases.go:45.64,47.3 1 0
example/task_manager/Usecases/user_usecases.go:49.2,49.64 1 1
example/task_manager/Usecases/user_usecases.go:52.62,54.2 1 1
example/task_manager/Infrastructure/auth_middleware.go:9.39,10.30 1 0
example/task_manager/Infrastructure/auth_middleware.go:10.30,12.23 2 0
example/task_manager/Infrastructure/auth_middleware.go:12.23,16.4 3 0
example/task_manager/Infrastructure/auth_middleware.go:18.3,20.17 3 0
example/task_manager/Infrastructure/auth_middleware.go:20.17,24.4 3 0
example/task_manager/Infrastructure/auth_middleware.go:26.3,28.11 3 0
example/task_manager/Infrastructure/auth_middleware.go:32.40,33.30 1 0
example/task_manager/Infrastructure/auth_middleware.go:33.30,35.33 2 0
example/task_manager/Infrastructure/auth_middleware.go:35.33,39.4 3 0
example/task_manager/Infrastructure/auth_middleware.go:40.3,40.11 1 0
example/task_manager/Infrastructure/jwt_service.go:16.65,27.2 4 1
example/task_manager/Infrastructure/jwt_service.go:29.52,31.98 2 1
example/task_manager/Infrastructure/jwt_service.go:31.98,33.3 1 1
example/task_manager/Infrastructure/jwt_service.go:34.2,34.32 1 1
example/task_manager/Infrastructure/jwt_service.go:34.32,36.3 1 0
example/task_manager/Infrastructure/jwt_service.go:37.2,37.20 1 1
example/task_manager/Infrastructure/password_service.go:8.52,9.20 1 1
example/task_manager/Infrastructure/password_service.go:9.20,11.3 1 0
example/task_manager/Infrastructure/password_service.go:12.2,13.27 2 1
example/task_manager/Infrastructure/password_service.go:16.52,19.2 2 1
example/task_manager/Usecases/task_usecases.go:11.72,13.2 1 1
example/task_manager/Usecases/task_usecases.go:15.64,17.2 1 1
example/task_manager/Usecases/task_usecases.go:19.72,21.2 1 1
example/task_manager/Usecases/task_usecases.go:23.78,25.2 1 1
example/task_manager/Usecases/task_usecases.go:27.73,29.2 1 1
example/task_manager/Usecases/task_usecases.go:31.55,33.2 1 1
example/task_manager/Usecases/user_usecases.go:13.72,15.2 1 1
example/task_manager/Usecases/user_usecases.go:17.85,19.16 2 1
example/task_manager/Usecases/user_usecases.go:19.16,21.3 1 1
example/task_manager/Usecases/user_usecases.go:23.2,24.16 2 1
example/task_manager/Usecases/user_usecases.go:24.16,26.3 1 0
example/task_manager/Usecases/user_usecases.go:29.2,36.32 3 1
example/task_manager/Usecases/user_usecases.go:39.76,41.16 2 1
example/task_manager/Usecases/user_usecases.go:41.16,43.3 1 1
example/task_manager/Usecases/user_usecases.go:45.2,45.64 1 1
example/task_manager/Usecases/user_usecases.go:45.64,47.3 1 1
example/task_manager/Usecases/user_usecases.go:49.2,49.64 1 1
example/task_manager/Usecases/user_usecases.go:52.62,54.2 1 1
example/task_manager/Infrastructure/auth_middleware.go:9.39,10.30 1 0
example/task_manager/Infrastructure/auth_middleware.go:10.30,12.23 2 0
example/task_manager/Infrastructure/auth_middleware.go:12.23,16.4 3 0
example/task_manager/Infrastructure/auth_middleware.go:18.3,20.17 3 0
example/task_manager/Infrastructure/auth_middleware.go:20.17,24.4 3 0
example/task_manager/Infrastructure/auth_middleware.go:26.3,28.11 3 0
example/task_manager/Infrastructure/auth_middleware.go:32.40,33.30 1 0
example/task_manager/Infrastructure/auth_middleware.go:33.30,35.33 2 0
example/task_manager/Infrastructure/auth_middleware.go:35.33,39.4 3 0
example/task_manager/Infrastructure/auth_middleware.go:40.3,40.11 1 0
example/task_manager/Infrastructure/jwt_service.go:16.65,27.2 4 1
example/task_manager/Infrastructure/jwt_service.go:29.52,31.98 2 1
example/task_manager/Infrastructure/jwt_service.go:31.98,33.3 1 1
example/task_manager/Infrastructure/jwt_service.go:34.2,34.32 1 1
example/task_manager/Infrastructure/jwt_service.go:34.32,36.3 1 1
example/task_manager/Infrastructure/jwt_service.go:37.2,37.20 1 1
example/task_manager/Infrastructure/password_service.go:8.52,9.20 1 1
example/task_manager/Infrastructure/password_service.go:9.20,11.3 1 1
example/task_manager/Infrastructure/password_service.go:12.2,13.27 2 1
example/task_manager/Infrastructure/password_service.go:16.52,19.2 2 1
example/task_manager/Repositories/task_repository.go:16.76,18.2 1 1
example/task_manager/Repositories/task_repository.go:20.62,22.16 2 1
example/task_manager/Repositories/task_repository.go:22.16,24.3 1 0
example/task_manager/Repositories/task_repository.go:25.2,26.58 2 1
example/task_manager/Repositories/task_repository.go:26.58,28.3 1 0
example/task_manager/Repositories/task_repository.go:29.2,29.19 1 1
example/task_manager/Repositories/task_repository.go:32.71,34.16 2 1
example/task_manager/Repositories/task_repository.go:34.16,36.3 1 1
example/task_manager/Repositories/task_repository.go:37.2,39.16 3 1
example/task_manager/Repositories/task_repository.go:39.16,41.3 1 1
example/task_manager/Repositories/task_repository.go:42.2,42.19 1 1
example/task_manager/Repositories/task_repository.go:45.77,48.16 3 1
example/task_manager/Repositories/task_repository.go:48.16,50.3 1 0
example/task_manager/Repositories/task_repository.go:51.2,51.19 1 1
example/task_manager/Repositories/task_repository.go:54.72,56.16 2 1
example/task_manager/Repositories/task_repository.go:56.16,58.3 1 1
example/task_manager/Repositories/task_repository.go:59.2,66.16 3 1
example/task_manager/Repositories/task_repository.go:66.16,68.3 1 0
example/task_manager/Repositories/task_repository.go:69.2,69.30 1 1
example/task_manager/Repositories/task_repository.go:69.30,71.3 1 1
example/task_manager/Repositories/task_repository.go:72.2,72.12 1 1
example/task_manager/Repositories/task_repository.go:75.54,77.16 2 1
example/task_manager/Repositories/task_repository.go:77.16,79.3 1 1
example/task_manager/Repositories/task_repository.go:80.2,81.16 2 1
example/task_manager/Repositories/task_repository.go:81.16,83.3 1 0
example/task_manager/Repositories/task_repository.go:84.2,84.30 1 1
example/task_manager/Repositories/task_repository.go:84.30,86.3 1 1
example/task_manager/Repositories/task_repository.go:87.2,87.12 1 1
example/task_manager/Repositories/user_repository.go:16.76,18.2 1 1
example/task_manager/Repositories/user_repository.go:20.83,23.16 3 1
example/task_manager/Repositories/user_repository.go:23.16,25.3 1 1
example/task_manager/Repositories/user_repository.go:26.2,26.19 1 1
example/task_manager/Repositories/user_repository.go:29.77,32.16 3 1
example/task_manager/Repositories/user_repository.go:32.16,34.3 1 0
example/task_manager/Repositories/user_repository.go:35.2,35.19 1 1
example/task_manager/Repositories/user_repository.go:38.78,41.16 3 1
example/task_manager/Repositories/user_repository.go:41.16,43.3 1 0
example/task_manager/Repositories/user_repository.go:44.2,44.30 1 1
example/task_manager/Repositories/user_repository.go:44.30,46.3 1 1
example/task_manager/Repositories/user_repository.go:47.2,47.12 1 1
example/task_manager/Infrastructure/auth_middleware.go:9.39,10.30 1 1
example/task_manager/Infrastructure/auth_middleware.go:10.30,12.23 2 1
example/task_manager/Infrastructure/auth_middleware.go:12.23,16.4 3 1
example/task_manager/Infrastructure/auth_middleware.go:18.3,20.17 3 1
example/task_manager/Infrastructure/auth_middleware.go:20.17,24.4 3 1
example/task_manager/Infrastructure/auth_middleware.go:26.3,28.11 3 1
example/task_manager/Infrastructure/auth_middleware.go:32.40,33.30 1 1
example/task_manager/Infrastructure/auth_middleware.go:33.30,35.33 2 1
example/task_manager/Infrastructure/auth_middleware.go:35.33,39.4 3 1
example/task_manager/Infrastructure/auth_middleware.go:40.3,40.11 1 1
example/task_manager/Infrastructure/jwt_service.go:16.65,27.2 4 1
example/task_manager/Infrastructure/jwt_service.go:29.52,31.98 2 1
example/task_manager/Infrastructure/jwt_service.go:31.98,33.3 1 1
example/task_manager/Infrastructure/jwt_service.go:34.2,34.32 1 1
example/task_manager/Infrastructure/jwt_service.go:34.32,36.3 1 1
example/task_manager/Infrastructure/jwt_service.go:37.2,37.20 1 1
example/task_manager/Infrastructure/password_service.go:8.52,9.20 1 0
example/task_manager/Infrastructure/password_service.go:9.20,11.3 1 0
example/task_manager/Infrastructure/password_service.go:12.2,13.27 2 0
example/task_manager/Infrastructure/password_service.go:16.52,19.2 2 0
